<?xml version="1.0" encoding="UTF-8" ?>
<testsuites name="vitest tests" tests="19" failures="0" errors="0" time="1.821">
    <testsuite name="packages/capability-validation/src/__tests__/case-manager.test.ts" timestamp="2025-10-15T07:27:42.512Z" hostname="LAPTOP-SN8A4EG8" tests="19" failures="0" errors="0" skipped="0" time="0.061">
        <testcase classname="packages/capability-validation/src/__tests__/case-manager.test.ts" name="CaseManager &gt; 创建案例 &gt; 应该成功创建一个简单案例" time="0.017">
        </testcase>
        <testcase classname="packages/capability-validation/src/__tests__/case-manager.test.ts" name="CaseManager &gt; 创建案例 &gt; 应该使用默认值创建案例" time="0.002">
        </testcase>
        <testcase classname="packages/capability-validation/src/__tests__/case-manager.test.ts" name="CaseManager &gt; 创建案例 &gt; 应该创建带有自定义评分标准的案例" time="0.004">
        </testcase>
        <testcase classname="packages/capability-validation/src/__tests__/case-manager.test.ts" name="CaseManager &gt; 查询案例 &gt; 应该获取所有案例" time="0.003">
        </testcase>
        <testcase classname="packages/capability-validation/src/__tests__/case-manager.test.ts" name="CaseManager &gt; 查询案例 &gt; 应该按类别筛选案例" time="0.003">
        </testcase>
        <testcase classname="packages/capability-validation/src/__tests__/case-manager.test.ts" name="CaseManager &gt; 查询案例 &gt; 应该按难度筛选案例" time="0.002">
        </testcase>
        <testcase classname="packages/capability-validation/src/__tests__/case-manager.test.ts" name="CaseManager &gt; 查询案例 &gt; 应该按作者筛选案例" time="0.003">
        </testcase>
        <testcase classname="packages/capability-validation/src/__tests__/case-manager.test.ts" name="CaseManager &gt; 查询案例 &gt; 应该组合多个筛选条件" time="0.002">
        </testcase>
        <testcase classname="packages/capability-validation/src/__tests__/case-manager.test.ts" name="CaseManager &gt; 根据ID获取案例 &gt; 应该根据ID获取案例" time="0.003">
        </testcase>
        <testcase classname="packages/capability-validation/src/__tests__/case-manager.test.ts" name="CaseManager &gt; 根据ID获取案例 &gt; 不存在的ID应返回null" time="0.003">
        </testcase>
        <testcase classname="packages/capability-validation/src/__tests__/case-manager.test.ts" name="CaseManager &gt; 更新案例 &gt; 应该更新案例标题" time="0.002">
        </testcase>
        <testcase classname="packages/capability-validation/src/__tests__/case-manager.test.ts" name="CaseManager &gt; 更新案例 &gt; 应该更新案例描述" time="0.001">
        </testcase>
        <testcase classname="packages/capability-validation/src/__tests__/case-manager.test.ts" name="CaseManager &gt; 更新案例 &gt; 应该更新标签" time="0.003">
        </testcase>
        <testcase classname="packages/capability-validation/src/__tests__/case-manager.test.ts" name="CaseManager &gt; 更新案例 &gt; 应该更新公开状态" time="0.001">
        </testcase>
        <testcase classname="packages/capability-validation/src/__tests__/case-manager.test.ts" name="CaseManager &gt; 更新案例 &gt; 应该更新认证状态" time="0.002">
        </testcase>
        <testcase classname="packages/capability-validation/src/__tests__/case-manager.test.ts" name="CaseManager &gt; 更新案例 &gt; 更新不存在的案例应抛出错误" time="0.003">
        </testcase>
        <testcase classname="packages/capability-validation/src/__tests__/case-manager.test.ts" name="CaseManager &gt; 删除案例 &gt; 应该成功删除案例" time="0.001">
        </testcase>
        <testcase classname="packages/capability-validation/src/__tests__/case-manager.test.ts" name="CaseManager &gt; 删除案例 &gt; 删除不存在的案例应抛出错误" time="0.002">
        </testcase>
        <testcase classname="packages/capability-validation/src/__tests__/case-manager.test.ts" name="CaseManager &gt; 案例执行记录 &gt; 应该能获取案例的执行记录" time="0.002">
        </testcase>
    </testsuite>
</testsuites>
